{
  "one": {
    "normalizedId":"one",
    "main":"main"
  },
  "two":{
    "normalizedId":"two"
  }
}
